// Jest Snapshot v1, https://goo.gl/fbAQLP

exports[`about test 1`] = `
<View
  style={
    {
      "alignItems": "center",
      "justifyContent": "center",
      "paddingTop": 50,
    }
  }
>
  <Text
    href="/user/"
    onPress={[Function]}
    role="link"
  >
    <Text
      style={
        [
          {
            "color": "#000",
          },
          {
            "color": "grey",
            "fontSize": 14,
          },
        ]
      }
    >
      John Doe
    </Text>
  </Text>
  <Text
    style={
      [
        {
          "color": "#000",
        },
        {
          "color": "grey",
          "fontSize": 14,
        },
      ]
    }
  >
    john.doe@example.com
  </Text>
  <Text
    style={
      [
        {
          "color": "#000",
        },
        {
          "color": "grey",
          "fontSize": 14,
        },
      ]
    }
  >
    mock
     (
    mock
    ) | 3
  </Text>
  <Text
    style={
      [
        {
          "color": "#000",
        },
        {
          "color": "grey",
          "fontSize": 14,
        },
      ]
    }
  >
    User Context - 
    1234567890
  </Text>
  <Text
    style={
      [
        {
          "color": "#000",
        },
        {
          "color": "grey",
          "fontSize": 14,
        },
      ]
    }
  >
    CTX - 
  </Text>
  <Text
    style={
      [
        {
          "color": "#000",
        },
        {
          "color": "grey",
          "fontSize": 14,
        },
      ]
    }
  >
    Auth - 
  </Text>
  <Text
    style={
      [
        {
          "color": "#000",
        },
        {
          "color": "grey",
          "fontSize": 14,
        },
      ]
    }
  >
    Language - 
    en
  </Text>
  <Text
    style={
      [
        {
          "color": "#000",
        },
        {
          "color": "grey",
          "fontSize": 14,
        },
      ]
    }
  >
    Project - 
    73JwAXeOEhLXUggpVKK9
  </Text>
</View>
`;

exports[`about test 2`] = `<View />`;
