// Jest Snapshot v1, https://goo.gl/fbAQLP

exports[`note test 1`] = `
<RNCSafeAreaProvider
  onInsetsChange={[Function]}
  style={
    [
      {
        "flex": 1,
      },
      undefined,
    ]
  }
>
  <RNCSafeAreaView
    edges={
      {
        "bottom": "additive",
        "left": "additive",
        "right": "additive",
        "top": "additive",
      }
    }
    style={
      {
        "flex": 1,
      }
    }
  >
    <RCTSafeAreaView>
      <TextInput
        autoFocus={true}
        multiline={true}
        numberOfLines={10}
        onChangeText={[Function]}
        placeholder="Add Note"
        style={
          [
            {
              "fontSize": 20,
              "height": 140,
              "margin": 12,
              "padding": 10,
              "paddingLeft": 20,
              "width": "98%",
            },
            {
              "color": "#000",
            },
          ]
        }
        value=""
      />
      <View
        style={
          {
            "alignItems": "center",
            "justifyContent": "center",
            "paddingTop": 50,
          }
        }
      >
        <Text
          style={
            [
              {
                "color": "#000",
              },
              {
                "color": "grey",
                "fontSize": 14,
              },
            ]
          }
        >
          73JwAXeOEhLXUggpVKK9
        </Text>
      </View>
    </RCTSafeAreaView>
  </RNCSafeAreaView>
</RNCSafeAreaProvider>
`;
