// Jest Snapshot v1, https://goo.gl/fbAQLP

exports[`user list test 1`] = `
<RNCSafeAreaProvider
  onInsetsChange={[Function]}
  style={
    [
      {
        "flex": 1,
      },
      undefined,
    ]
  }
>
  <RNCSafeAreaView
    edges={
      {
        "bottom": "additive",
        "left": "additive",
        "right": "additive",
        "top": "additive",
      }
    }
    style={
      {
        "flex": 1,
      }
    }
  >
    <View
      style={
        {
          "flex": 1,
          "height": 200,
        }
      }
    >
      <View
        style={
          {
            "alignItems": "center",
            "borderColor": "#999999",
            "borderRadius": 100,
            "borderWidth": 1,
            "flexDirection": "row",
            "height": 40,
            "marginBottom": 10,
            "marginHorizontal": 10,
          }
        }
      >
        <View
          style={
            {
              "alignItems": "center",
              "flex": 1,
              "flexDirection": "row",
              "paddingHorizontal": 8,
            }
          }
        >
          <View
            style={
              {
                "marginRight": 12,
                "width": 50,
              }
            }
          >
            <Text />
          </View>
          <TextInput
            onChangeText={[Function]}
            placeholder="Search contacts"
            placeholderTextColor="#ccc"
            style={
              [
                {
                  "color": "#000",
                },
                {
                  "fontSize": 18,
                },
              ]
            }
            value=""
          />
        </View>
      </View>
      <RCTScrollView
        style={
          {
            "paddingBottom": 50,
          }
        }
      >
        <View>
          <View>
            <View
              style={
                {
                  "alignItems": "center",
                  "flex": 1,
                  "justifyContent": "center",
                }
              }
            >
              <ActivityIndicator />
            </View>
          </View>
        </View>
      </RCTScrollView>
    </View>
  </RNCSafeAreaView>
</RNCSafeAreaProvider>
`;
